.\venv\Scripts\python.exe : Traceback (most recent call last):
At line:1 char:1
+ .\venv\Scripts\python.exe test_ai.py 2>&1 | Out-File -FilePath 
test_o ...
+ ~~~~~~~~~~~~~~~~~~~~~~~~~~~~~~~~~~~~~~~~~
    + CategoryInfo          : NotSpecified: (Traceback (most recent 
    call last)::String) [], RemoteException
    + FullyQualifiedErrorId : NativeCommandError
 
  File "C:\Users\ishwa\PycharmProjects\smallcase_project\stocks\ai_s
ervice.py", line 223, in generate_response
    current_value = basket.get_current_value() or 0
                    ^^^^^^^^^^^^^^^^^^^^^^^^
AttributeError: 'Basket' object has no attribute 'get_current_value'
Traceback (most recent call last):
  File "C:\Users\ishwa\PycharmProjects\smallcase_project\stocks\ai_s
ervice.py", line 223, in generate_response
    current_value = basket.get_current_value() or 0
                    ^^^^^^^^^^^^^^^^^^^^^^^^
AttributeError: 'Basket' object has no attribute 'get_current_value'

=== Testing AI Service for kaka@gmail.com ===

Baskets in DB: 2
  - Multi
  - Multi (Copy)

=== Generating AI Response ===

[AI Service] generate_response called for user: kaka@gmail.com
[AI Service] Found 2 baskets for user kaka@gmail.com
[AI Service] Processing basket: Multi
[AI Service] Error processing basket 4: 'Basket' object has no attribute 'get_current_value'
[AI Service] Processing basket: Multi (Copy)
[AI Service] Error processing basket 5: 'Basket' object has no attribute 'get_current_value'
[AI Service] build_system_prompt - context baskets count: 0
[AI Service] has_baskets: False, is_admin: False

AI Response:
Hello kaka, welcome to Smallcase. I'm happy to help you with your investment journey. However, I noticed that you haven't created any investment baskets yet, so you don't have a portfolio to track at the moment.

Let me help you get started. Creating a basket is easy and straightforward. A basket is a curated set of stocks that help you achieve your investment goals. You can choose from a variety of pre-made baskets or create your own based on your interests and risk tolerance.

Would you like me to guide you through the process of creating your first basket? I'm here to help you every step of the way.
